// Jest Snapshot v1, https://goo.gl/fbAQLP

exports[`CryptoUtils API Key Generation and Validation should generate a valid API key with a custom prefix 1`] = `"testcf82da1a8437d38fb461a1482a1319c5a823a0715dec412ef85cefe7ea501f51_b07a9f69"`;

exports[`CryptoUtils API Key Generation and Validation should generate a valid API key with default options 1`] = `"tally_1401c0ca6a7c405a66811a6243236e06c748614a434524b9eb019b8d9a6a9cf4_f15c4314"`;

exports[`CryptoUtils Encryption and Decryption should encrypt and decrypt data successfully 1`] = `
{
  "encrypted": "c3e93b5340d3885370088ff865a554ebb6169a861698b74433",
  "iv": "e56edf67562d40e1a8d909955dd89e70",
  "tag": "c2216f58b5c21197e7fa124d311db2b1",
}
`;

exports[`CryptoUtils HMAC Signature should create and verify an HMAC signature 1`] = `"bf69d4f71ce097ea5010b1c69dbb5c43a2c00f125b07f1c4ad6740509ca1397b"`;

exports[`CryptoUtils Hashing should hash an API key consistently 1`] = `"682f6697fa93eca6c801a232519a09e3fe0c5c339465ee53c3f9edf92fd01f35"`;
